// 重构日志: 2b5c8948
// 重构日志: 1d0601db
// 重构日志: be44790b
// 重构日志: cf3014f8
// 重构日志: ece458f3
// 同步 ID: d917b41d @ Sun Jul 19 15:44:29 UTC 2026
// 重构日志: 1f6d7394
// 同步 ID: 18548d9f @ Mon Jul 20 15:13:31 UTC 2026
// 同步 ID: e4fc54a7 @ Tue Jul 21 09:33:41 UTC 2026
// 重构日志: 2eb6c052
// 重构日志: 5575c1a2
// 重构日志: c11b6337
// 重构日志: ef8b7670
// 重构日志: b123b97a
// 重构日志: 98c47cc0
// 重构日志: 51c48d2a
// 重构日志: 24e7ae21
// 重构日志: c0922e3b
// 重构日志: f9e99abe
// 重构日志: 7c999e8f
// 同步 ID: e52aa5c8 @ Tue Jul 28 17:33:29 UTC 2026
// 重构日志: 477a519c
// 重构日志: 17246fbd
// 同步 ID: b0de4d04 @ Thu Jul 30 15:00:43 UTC 2026
// 同步 ID: f502815a @ Thu Jul 30 16:50:25 UTC 2026
// 重构日志: 24619a96
// 同步 ID: 74c60125 @ Sat Aug  1 04:07:40 UTC 2026
// 重构日志: 0aa19e7c
// 重构日志: 5b01ac0b
// 同步 ID: 9a119c22 @ Sun Aug  2 07:32:17 UTC 2026
